ws2812_LED.h:41:6:WS2812_Init	32	static
ws2812_LED.h:55:19:WS2812_Update	8	static
ws2812_LED.h:63:6:WS2812_set_Prepared_Value	24	static
ws2812_LED.h:72:6:WS2812_Reproduce_Prepared_Erray	24	static
ws2812_LED.h:80:6:WS2812_Clear_Prepared_Erray	16	static
ws2812_LED.h:92:6:WS2812_setColor_All_Pixel	32	static
ws2812_LED.h:102:6:WS2812_setColor_Pixel	40	static
ws2812_LED.h:150:5:bit_set	24	static
ws2812_LED.h:157:5:delay_ws	16	static
ws2812_LED.h:162:6:reset_buf	16	static
ws2812_LED.h:177:6:check_value_colors	24	static
ws2812_LED.h:186:6:check_value_position	16	static
main.c:69:5:main	8	static
main.c:147:6:SystemClock_Config	88	static
main.c:185:13:MX_TIM3_Init	48	static
main.c:234:13:MX_DMA_Init	16	static
main.c:252:13:MX_GPIO_Init	48	static
main.c:292:6:Error_Handler	8	static,ignoring_inline_asm
