ws2812_LED.h:33:6:WS2812_Ini	8	static
ws2812_LED.h:38:6:WS2812_set_Prepared_Value	24	static
ws2812_LED.h:47:6:WS2812_Reproduce_Prepared_Erray	24	static
ws2812_LED.h:55:6:WS2812_Clear_Prepared_Erray	16	static
ws2812_LED.h:67:6:WS2812_setColor_All_Pixel	32	static
ws2812_LED.h:77:6:WS2812_setColor_Pixel	40	static
ws2812_LED.h:125:5:bit_set	24	static
ws2812_LED.h:132:6:reset_buf	16	static
ws2812_LED.h:147:6:check_value_colors	24	static
ws2812_LED.h:156:6:check_value_position	16	static
main.c:69:5:main	8	static
main.c:121:6:SystemClock_Config	88	static
main.c:159:13:MX_TIM3_Init	48	static
main.c:208:13:MX_DMA_Init	16	static
main.c:226:13:MX_GPIO_Init	48	static
main.c:266:6:Error_Handler	8	static,ignoring_inline_asm
