ws2812_LED.c:28:6:WS2812_Init	40	static
ws2812_LED.c:44:19:WS2812_Update	8	static
ws2812_LED.c:49:6:WS2812_set_Prepared_Value	24	static
ws2812_LED.c:58:6:WS2812_Reproduce_Prepared_Erray	24	static
ws2812_LED.c:66:6:WS2812_Clear_Prepared_Erray	16	static
ws2812_LED.c:78:6:WS2812_setColor_All_Pixel	32	static
ws2812_LED.c:88:6:WS2812_setColor_Pixel	40	static
ws2812_LED.c:136:5:bit_set	24	static
ws2812_LED.c:145:6:WS2812_Clear_buf	16	static
ws2812_LED.c:154:6:check_value_colors	24	static
ws2812_LED.c:163:6:check_value_position	16	static
